// Jest Snapshot v1, https://goo.gl/fbAQLP

exports[`Landing renders correctly 1`] = `
<section
  className="landing"
>
  <div
    className="container text-center"
  >
    <h1>
      Hi there!
    </h1>
    <h1>
      My name is 
      <b>
        Wen Ting Wang
      </b>
      .
    </h1>
    <h1>
      But you can just call me
    </h1>
    <h1>
      <mark>
        <b>
          Ting
        </b>
      </mark>
      .
    </h1>
  </div>
</section>
`;
